vscode와 github 연동

참고 링크1 : https://0ver-grow.tistory.com/888
참고 링크2 : https://hnm1.tistory.com/entry/vscode-Github-%EC%97%B0%EB%8F%99%EB%B0%A9%EB%B2%95-%EA%B9%83%ED%97%88%EB%B8%8C-%EC%82%AC%EC%9A%A9%ED%95%98%EA%B8%B0-vscode-github-%EC%84%A4%EC%B9%98%ED%95%98%EB%8A%94-%EB%B0%A9%EB%B2%95
참고 링크3 : https://hyunsitstory.tistory.com/entry/Git-git-pull-origin-master-git-push-origin-master-%EC%98%A4%EB%A5%98-fatal-couldnt-find-remote-ref-master-error-src-refspec-main-does-not-match-any-%ED%95%B4%EA%B2%B0-%EB%B0%A9%EB%B2%95

[터미널 로그]
Windows PowerShell
Copyright (C) Microsoft Corporation. All rights reserved.
새로운 크로스 플랫폼 PowerShell 사용 https://aka.ms/pscore6
, 스크립트 파일 또는 실행할 수 있는 프로그램 이름으로 인식되지 않습니다. 이름이 정확한지 확인하고 경로가 포함된 경우 경로가 올바른지 검증한 다음 다시 시도하십시오.
위치 줄:1 문자:1
+ https://github.com/stbhg5/VScode.git
    + CategoryInfo          : ObjectNotFound: (https://github.com/stbhg5/VScode.git:String) [], CommandNotFoundException

PS D:\개발자\VScode> git init
PS D:\개발자\VScode> git add *
[main (root-commit) d300599] first commit
 1 file changed, 1 insertion(+)
 create mode 100644 test
PS D:\개발자\VScode> git remote add origin https://github.com/stbhg5/VScode.git
error: remote origin already exists.
PS D:\개발자\VScode> git push -u origin master
error: src refspec master does not match any
error: failed to push some refs to 'https://github.com/stbhg5/VScode.git'
PS D:\개발자\VScode> git pull origin main
fatal: couldn't find remote ref main
PS D:\개발자\VScode> git push -u origin main
info: please complete authentication in your browser...
Enumerating objects: 3, done.
Counting objects: 100% (3/3), done.
Writing objects: 100% (3/3), 217 bytes | 108.00 KiB/s, done.
Total 3 (delta 0), reused 0 (delta 0), pack-reused 0
To https://github.com/stbhg5/VScode.git
 * [new branch]      main -> main
Branch 'main' set up to track remote branch 'main' from 'origin'.

PS D:\개발자\VScode> git config --global user.name "stbhg5"
PS D:\개발자\VScode> git config --global user.email "stbhg5@gmail.com"
PS D:\개발자\VScode> git config --list
diff.astextplain.textconv=astextplain
filter.lfs.clean=git-lfs clean -- %f
filter.lfs.smudge=git-lfs smudge -- %f
filter.lfs.process=git-lfs filter-process
filter.lfs.required=true
http.sslbackend=openssl
http.sslcainfo=C:/Program Files/Git/mingw64/ssl/certs/ca-bundle.crt
core.autocrlf=true
core.fscache=true
core.symlinks=false
pull.rebase=false
:

[커밋 메시지]

# Please enter the commit message for your changes. Lines starting
# with '#' will be ignored, and an empty message aborts the commit.
#
# On branch main
# Your branch is up to date with 'origin/main'.
#
# Changes to be committed:
#	modified:   test
#
COMMIT
